docker-compose : time="2026-03-09T23:51:21+05:00" level=warning msg="D:\\Software DMS\\docker-compose.yml: the 
attribute `version` is obsolete, it will be ignored, please remove it to avoid potential confusion"
At line:1 char:1
+ docker-compose build backend > build_output.txt 2>&1
+ ~~~~~~~~~~~~~~~~~~~~~~~~~~~~~~~~~~~~~~~~~~~~~~~~~~~~
    + CategoryInfo          : NotSpecified: (time="2026-03-0...tial confusion":String) [], RemoteException
    + FullyQualifiedErrorId : NativeCommandError
 
 Image softwaredms-backend Building 
#1 [internal] load local bake definitions
#1 reading from stdin 515B done
#1 DONE 0.0s

#2 [internal] load build definition from Dockerfile
#2 transferring dockerfile: 779B 0.1s done
#2 DONE 0.1s

#3 [internal] load metadata for mcr.microsoft.com/dotnet/sdk:8.0
#3 DONE 3.4s

#4 [internal] load metadata for mcr.microsoft.com/dotnet/aspnet:8.0
#4 DONE 3.4s

#5 [internal] load .dockerignore
#5 transferring context: 2B done
#5 DONE 0.0s

#6 [base 1/3] FROM mcr.microsoft.com/dotnet/aspnet:8.0@sha256:88c86e5469c2b69969e07343193fd3dbe4ff6936d95b994dbfa27348299af111
#6 resolve mcr.microsoft.com/dotnet/aspnet:8.0@sha256:88c86e5469c2b69969e07343193fd3dbe4ff6936d95b994dbfa27348299af111 0.1s done
#6 DONE 0.1s

#7 [build 1/6] FROM mcr.microsoft.com/dotnet/sdk:8.0@sha256:bfb6ed602caa605141700aea7dc7d42574b74b704368e67d683c71a002123808
#7 resolve mcr.microsoft.com/dotnet/sdk:8.0@sha256:bfb6ed602caa605141700aea7dc7d42574b74b704368e67d683c71a002123808 0.1s done
#7 DONE 0.1s

#8 [internal] load build context
#8 transferring context: 17.35kB 0.0s done
#8 DONE 0.0s

#9 [build 2/6] WORKDIR /src
#9 CACHED

#10 [build 3/6] COPY [DMS.API.csproj, ./]
#10 CACHED

#11 [build 4/6] RUN dotnet restore "./DMS.API.csproj"
#11 CACHED

#12 [build 5/6] COPY . .
#12 DONE 0.1s

#13 [build 6/6] RUN dotnet publish "DMS.API.csproj" -c Release -o /app/publish /p:UseAppHost=false
#13 2.250   Determining projects to restore...
#13 3.233   All projects are up-to-date for restore.
#13 19.74 /src/Infrastructure/Repositories/DistributorRepository.cs(32,40): warning CS1998: This async method lacks 'await' operators and will run synchronously. Consider using the 'await' operator to await non-blocking API calls, or 'await Task.Run(...)' to do CPU-bound work on a background thread. [/src/DMS.API.csproj]
#13 19.75 /src/Infrastructure/Repositories/DistributorRepository.cs(58,30): warning CS8602: Dereference of a possibly null reference. [/src/DMS.API.csproj]
#13 19.75 /src/Infrastructure/Repositories/DistributorRepository.cs(75,30): warning CS8602: Dereference of a possibly null reference. [/src/DMS.API.csproj]
#13 19.75 /src/Infrastructure/Repositories/DistributorRepository.cs(76,52): warning CS8602: Dereference of a possibly null reference. [/src/DMS.API.csproj]
#13 19.75 /src/Infrastructure/Repositories/DistributorRepository.cs(94,30): warning CS8602: Dereference of a possibly null reference. [/src/DMS.API.csproj]
#13 19.75 /src/Infrastructure/Repositories/DistributorRepository.cs(97,28): warning CS8602: Dereference of a possibly null reference. [/src/DMS.API.csproj]
#13 19.75 /src/Infrastructure/Repositories/CustomerRepository.cs(57,37): warning CS1998: This async method lacks 'await' operators and will run synchronously. Consider using the 'await' operator to await non-blocking API calls, or 'await Task.Run(...)' to do CPU-bound work on a background thread. [/src/DMS.API.csproj]
#13 19.75 /src/Application/Services/ReportService.cs(52,31): warning CS8602: Dereference of a possibly null reference. [/src/DMS.API.csproj]
#13 19.75 /src/Application/Services/ReportService.cs(63,31): warning CS8602: Dereference of a possibly null reference. [/src/DMS.API.csproj]
#13 19.75 /src/Application/Services/ReportService.cs(80,36): warning CS8602: Dereference of a possibly null reference. [/src/DMS.API.csproj]
#13 19.75 /src/Application/Services/ReportService.cs(128,95): warning CS8602: Dereference of a possibly null reference. [/src/DMS.API.csproj]
#13 19.75 /src/Application/Services/ReportService.cs(155,62): warning CS8602: Dereference of a possibly null reference. [/src/DMS.API.csproj]
#13 19.75 /src/Application/Services/ReportService.cs(156,60): warning CS8602: Dereference of a possibly null reference. [/src/DMS.API.csproj]
#13 19.75 /src/Application/Services/ReportService.cs(159,50): warning CS8602: Dereference of a possibly null reference. [/src/DMS.API.csproj]
#13 19.75 /src/Application/Services/ReportService.cs(179,66): warning CS8602: Dereference of a possibly null reference. [/src/DMS.API.csproj]
#13 19.75 /src/Application/Services/ReportService.cs(183,66): warning CS8602: Dereference of a possibly null reference. [/src/DMS.API.csproj]
#13 19.75 /src/Application/Services/ReportService.cs(191,28): warning CS8602: Dereference of a possibly null reference. [/src/DMS.API.csproj]
#13 19.75 /src/Application/Services/ReportService.cs(203,36): warning CS8602: Dereference of a possibly null reference. [/src/DMS.API.csproj]
#13 23.18   DMS.API -> /src/bin/Release/net8.0/DMS.API.dll
#13 25.47   DMS.API -> /app/publish/
#13 DONE 25.8s

#14 [base 2/3] WORKDIR /app
#14 CACHED

#15 [base 3/3] COPY --from=build /app/publish .
#15 DONE 0.3s

#16 exporting to image
#16 exporting layers
#16 exporting layers 3.6s done
#16 exporting manifest sha256:6c5491b71e5c2df14d41164b173f35e273fa7e8b46c33ea0d9b7f12197faac3d 0.0s done
#16 exporting config sha256:bccf8881a46b5bdcc8d6a248c14366573160746fd74cf0212a8ed8e7a184cd05 0.0s done
#16 exporting attestation manifest sha256:4748ada27841491cc5c3b5a55c2e9fab9024f15f896880a6435150c611aff911
#16 exporting attestation manifest sha256:4748ada27841491cc5c3b5a55c2e9fab9024f15f896880a6435150c611aff911 0.1s done
#16 exporting manifest list sha256:2d199be7b3b64ead09c25cc118ab2b090cec3bb1ec1b62e7decaf3c3b79b8046 0.0s done
#16 naming to docker.io/library/softwaredms-backend:latest 0.0s done
#16 unpacking to docker.io/library/softwaredms-backend:latest
#16 unpacking to docker.io/library/softwaredms-backend:latest 1.1s done
#16 DONE 5.1s

#17 resolving provenance for metadata file
#17 DONE 0.1s
 Image softwaredms-backend Built 
